                                      1 ;--------------------------------------------------------
                                      2 ; File Created by SDCC : free open source ANSI-C Compiler
                                      3 ; Version 4.0.7 #12016 (MINGW64)
                                      4 ;--------------------------------------------------------
                                      5 	.module MenuMap
                                      6 	.optsdcc -mgbz80
                                      7 	
                                      8 ;--------------------------------------------------------
                                      9 ; Public variables in this module
                                     10 ;--------------------------------------------------------
                                     11 	.globl _MenuDataPLN1
                                     12 	.globl _MenuDataPLN0
                                     13 ;--------------------------------------------------------
                                     14 ; special function registers
                                     15 ;--------------------------------------------------------
                                     16 ;--------------------------------------------------------
                                     17 ; ram data
                                     18 ;--------------------------------------------------------
                                     19 	.area _DATA
      000000                         20 _MenuDataPLN0::
      000000                         21 	.ds 72
      000048                         22 _MenuDataPLN1::
      000048                         23 	.ds 72
                                     24 ;--------------------------------------------------------
                                     25 ; absolute external ram data
                                     26 ;--------------------------------------------------------
                                     27 	.area _DABS (ABS)
                                     28 ;--------------------------------------------------------
                                     29 ; global & static initialisations
                                     30 ;--------------------------------------------------------
                                     31 	.area _HOME
                                     32 	.area _GSINIT
                                     33 	.area _GSFINAL
                                     34 	.area _GSINIT
                                     35 ;Test_Background/MenuMap.c:26: unsigned char MenuDataPLN0[] =
      000000 21r00r00                36 	ld	hl, #_MenuDataPLN0
      000003 36 1B                   37 	ld	(hl), #0x1b
      000005 21r01r00                38 	ld	hl, #(_MenuDataPLN0 + 0x0001)
      000008 36 20                   39 	ld	(hl), #0x20
      00000A 21r02r00                40 	ld	hl, #(_MenuDataPLN0 + 0x0002)
      00000D 36 20                   41 	ld	(hl), #0x20
      00000F 21r03r00                42 	ld	hl, #(_MenuDataPLN0 + 0x0003)
      000012 36 20                   43 	ld	(hl), #0x20
      000014 21r04r00                44 	ld	hl, #(_MenuDataPLN0 + 0x0004)
      000017 36 20                   45 	ld	(hl), #0x20
      000019 21r05r00                46 	ld	hl, #(_MenuDataPLN0 + 0x0005)
      00001C 36 20                   47 	ld	(hl), #0x20
      00001E 21r06r00                48 	ld	hl, #(_MenuDataPLN0 + 0x0006)
      000021 36 20                   49 	ld	(hl), #0x20
      000023 21r07r00                50 	ld	hl, #(_MenuDataPLN0 + 0x0007)
      000026 36 1C                   51 	ld	(hl), #0x1c
      000028 21r08r00                52 	ld	hl, #(_MenuDataPLN0 + 0x0008)
      00002B 36 1F                   53 	ld	(hl), #0x1f
      00002D 21r09r00                54 	ld	hl, #(_MenuDataPLN0 + 0x0009)
      000030 36 21                   55 	ld	(hl), #0x21
      000032 21r0Ar00                56 	ld	hl, #(_MenuDataPLN0 + 0x000a)
      000035 36 1A                   57 	ld	(hl), #0x1a
      000037 21r0Br00                58 	ld	hl, #(_MenuDataPLN0 + 0x000b)
      00003A 36 1A                   59 	ld	(hl), #0x1a
      00003C 21r0Cr00                60 	ld	hl, #(_MenuDataPLN0 + 0x000c)
      00003F 36 1A                   61 	ld	(hl), #0x1a
      000041 21r0Dr00                62 	ld	hl, #(_MenuDataPLN0 + 0x000d)
      000044 36 1A                   63 	ld	(hl), #0x1a
      000046 21r0Er00                64 	ld	hl, #(_MenuDataPLN0 + 0x000e)
      000049 36 22                   65 	ld	(hl), #0x22
      00004B 21r0Fr00                66 	ld	hl, #(_MenuDataPLN0 + 0x000f)
      00004E 36 1F                   67 	ld	(hl), #0x1f
      000050 21r10r00                68 	ld	hl, #(_MenuDataPLN0 + 0x0010)
      000053 36 1F                   69 	ld	(hl), #0x1f
      000055 21r11r00                70 	ld	hl, #(_MenuDataPLN0 + 0x0011)
      000058 36 1A                   71 	ld	(hl), #0x1a
      00005A 21r12r00                72 	ld	hl, #(_MenuDataPLN0 + 0x0012)
      00005D 36 01                   73 	ld	(hl), #0x01
      00005F 21r13r00                74 	ld	hl, #(_MenuDataPLN0 + 0x0013)
      000062 36 00                   75 	ld	(hl), #0x00
      000064 21r14r00                76 	ld	hl, #(_MenuDataPLN0 + 0x0014)
      000067 36 02                   77 	ld	(hl), #0x02
      000069 21r15r00                78 	ld	hl, #(_MenuDataPLN0 + 0x0015)
      00006C 36 0A                   79 	ld	(hl), #0x0a
      00006E 21r16r00                80 	ld	hl, #(_MenuDataPLN0 + 0x0016)
      000071 36 1A                   81 	ld	(hl), #0x1a
      000073 21r17r00                82 	ld	hl, #(_MenuDataPLN0 + 0x0017)
      000076 36 1F                   83 	ld	(hl), #0x1f
      000078 21r18r00                84 	ld	hl, #(_MenuDataPLN0 + 0x0018)
      00007B 36 1F                   85 	ld	(hl), #0x1f
      00007D 21r19r00                86 	ld	hl, #(_MenuDataPLN0 + 0x0019)
      000080 36 1A                   87 	ld	(hl), #0x1a
      000082 21r1Ar00                88 	ld	hl, #(_MenuDataPLN0 + 0x001a)
      000085 36 1A                   89 	ld	(hl), #0x1a
      000087 21r1Br00                90 	ld	hl, #(_MenuDataPLN0 + 0x001b)
      00008A 36 1A                   91 	ld	(hl), #0x1a
      00008C 21r1Cr00                92 	ld	hl, #(_MenuDataPLN0 + 0x001c)
      00008F 36 1A                   93 	ld	(hl), #0x1a
      000091 21r1Dr00                94 	ld	hl, #(_MenuDataPLN0 + 0x001d)
      000094 36 1A                   95 	ld	(hl), #0x1a
      000096 21r1Er00                96 	ld	hl, #(_MenuDataPLN0 + 0x001e)
      000099 36 1A                   97 	ld	(hl), #0x1a
      00009B 21r1Fr00                98 	ld	hl, #(_MenuDataPLN0 + 0x001f)
      00009E 36 1F                   99 	ld	(hl), #0x1f
      0000A0 21r20r00               100 	ld	hl, #(_MenuDataPLN0 + 0x0020)
      0000A3 36 1F                  101 	ld	(hl), #0x1f
      0000A5 21r21r00               102 	ld	hl, #(_MenuDataPLN0 + 0x0021)
      0000A8 36 1A                  103 	ld	(hl), #0x1a
      0000AA 21r22r00               104 	ld	hl, #(_MenuDataPLN0 + 0x0022)
      0000AD 36 12                  105 	ld	(hl), #0x12
      0000AF 21r23r00               106 	ld	hl, #(_MenuDataPLN0 + 0x0023)
      0000B2 36 0A                  107 	ld	(hl), #0x0a
      0000B4 21r24r00               108 	ld	hl, #(_MenuDataPLN0 + 0x0024)
      0000B7 36 08                  109 	ld	(hl), #0x08
      0000B9 21r25r00               110 	ld	hl, #(_MenuDataPLN0 + 0x0025)
      0000BC 36 0F                  111 	ld	(hl), #0x0f
      0000BE 21r26r00               112 	ld	hl, #(_MenuDataPLN0 + 0x0026)
      0000C1 36 1A                  113 	ld	(hl), #0x1a
      0000C3 21r27r00               114 	ld	hl, #(_MenuDataPLN0 + 0x0027)
      0000C6 36 1F                  115 	ld	(hl), #0x1f
      0000C8 21r28r00               116 	ld	hl, #(_MenuDataPLN0 + 0x0028)
      0000CB 36 1F                  117 	ld	(hl), #0x1f
      0000CD 21r29r00               118 	ld	hl, #(_MenuDataPLN0 + 0x0029)
      0000D0 36 1A                  119 	ld	(hl), #0x1a
      0000D2 21r2Ar00               120 	ld	hl, #(_MenuDataPLN0 + 0x002a)
      0000D5 36 1A                  121 	ld	(hl), #0x1a
      0000D7 21r2Br00               122 	ld	hl, #(_MenuDataPLN0 + 0x002b)
      0000DA 36 1A                  123 	ld	(hl), #0x1a
      0000DC 21r2Cr00               124 	ld	hl, #(_MenuDataPLN0 + 0x002c)
      0000DF 36 1A                  125 	ld	(hl), #0x1a
      0000E1 21r2Dr00               126 	ld	hl, #(_MenuDataPLN0 + 0x002d)
      0000E4 36 1A                  127 	ld	(hl), #0x1a
      0000E6 21r2Er00               128 	ld	hl, #(_MenuDataPLN0 + 0x002e)
      0000E9 36 1A                  129 	ld	(hl), #0x1a
      0000EB 21r2Fr00               130 	ld	hl, #(_MenuDataPLN0 + 0x002f)
      0000EE 36 1F                  131 	ld	(hl), #0x1f
      0000F0 21r30r00               132 	ld	hl, #(_MenuDataPLN0 + 0x0030)
      0000F3 36 1F                  133 	ld	(hl), #0x1f
      0000F5 21r31r00               134 	ld	hl, #(_MenuDataPLN0 + 0x0031)
      0000F8 36 1A                  135 	ld	(hl), #0x1a
      0000FA 21r32r00               136 	ld	hl, #(_MenuDataPLN0 + 0x0032)
      0000FD 36 04                  137 	ld	(hl), #0x04
      0000FF 21r33r00               138 	ld	hl, #(_MenuDataPLN0 + 0x0033)
      000102 36 17                  139 	ld	(hl), #0x17
      000104 21r34r00               140 	ld	hl, #(_MenuDataPLN0 + 0x0034)
      000107 36 08                  141 	ld	(hl), #0x08
      000109 21r35r00               142 	ld	hl, #(_MenuDataPLN0 + 0x0035)
      00010C 36 13                  143 	ld	(hl), #0x13
      00010E 21r36r00               144 	ld	hl, #(_MenuDataPLN0 + 0x0036)
      000111 36 1A                  145 	ld	(hl), #0x1a
      000113 21r37r00               146 	ld	hl, #(_MenuDataPLN0 + 0x0037)
      000116 36 1F                  147 	ld	(hl), #0x1f
      000118 21r38r00               148 	ld	hl, #(_MenuDataPLN0 + 0x0038)
      00011B 36 1F                  149 	ld	(hl), #0x1f
      00011D 21r39r00               150 	ld	hl, #(_MenuDataPLN0 + 0x0039)
      000120 36 23                  151 	ld	(hl), #0x23
      000122 21r3Ar00               152 	ld	hl, #(_MenuDataPLN0 + 0x003a)
      000125 36 1A                  153 	ld	(hl), #0x1a
      000127 21r3Br00               154 	ld	hl, #(_MenuDataPLN0 + 0x003b)
      00012A 36 1A                  155 	ld	(hl), #0x1a
      00012C 21r3Cr00               156 	ld	hl, #(_MenuDataPLN0 + 0x003c)
      00012F 36 1A                  157 	ld	(hl), #0x1a
      000131 21r3Dr00               158 	ld	hl, #(_MenuDataPLN0 + 0x003d)
      000134 36 1A                  159 	ld	(hl), #0x1a
      000136 21r3Er00               160 	ld	hl, #(_MenuDataPLN0 + 0x003e)
      000139 36 24                  161 	ld	(hl), #0x24
      00013B 21r3Fr00               162 	ld	hl, #(_MenuDataPLN0 + 0x003f)
      00013E 36 1F                  163 	ld	(hl), #0x1f
      000140 21r40r00               164 	ld	hl, #(_MenuDataPLN0 + 0x0040)
      000143 36 1D                  165 	ld	(hl), #0x1d
      000145 21r41r00               166 	ld	hl, #(_MenuDataPLN0 + 0x0041)
      000148 36 20                  167 	ld	(hl), #0x20
      00014A 21r42r00               168 	ld	hl, #(_MenuDataPLN0 + 0x0042)
      00014D 36 20                  169 	ld	(hl), #0x20
      00014F 21r43r00               170 	ld	hl, #(_MenuDataPLN0 + 0x0043)
      000152 36 20                  171 	ld	(hl), #0x20
      000154 21r44r00               172 	ld	hl, #(_MenuDataPLN0 + 0x0044)
      000157 36 20                  173 	ld	(hl), #0x20
      000159 21r45r00               174 	ld	hl, #(_MenuDataPLN0 + 0x0045)
      00015C 36 20                  175 	ld	(hl), #0x20
      00015E 21r46r00               176 	ld	hl, #(_MenuDataPLN0 + 0x0046)
      000161 36 20                  177 	ld	(hl), #0x20
      000163 21r47r00               178 	ld	hl, #(_MenuDataPLN0 + 0x0047)
      000166 36 1E                  179 	ld	(hl), #0x1e
                                    180 ;Test_Background/MenuMap.c:38: unsigned char MenuDataPLN1[] =
      000168 21r48r00               181 	ld	hl, #_MenuDataPLN1
      00016B 36 05                  182 	ld	(hl), #0x05
      00016D 21r49r00               183 	ld	hl, #(_MenuDataPLN1 + 0x0001)
      000170 36 05                  184 	ld	(hl), #0x05
      000172 21r4Ar00               185 	ld	hl, #(_MenuDataPLN1 + 0x0002)
      000175 36 05                  186 	ld	(hl), #0x05
      000177 21r4Br00               187 	ld	hl, #(_MenuDataPLN1 + 0x0003)
      00017A 36 05                  188 	ld	(hl), #0x05
      00017C 21r4Cr00               189 	ld	hl, #(_MenuDataPLN1 + 0x0004)
      00017F 36 05                  190 	ld	(hl), #0x05
      000181 21r4Dr00               191 	ld	hl, #(_MenuDataPLN1 + 0x0005)
      000184 36 05                  192 	ld	(hl), #0x05
      000186 21r4Er00               193 	ld	hl, #(_MenuDataPLN1 + 0x0006)
      000189 36 05                  194 	ld	(hl), #0x05
      00018B 21r4Fr00               195 	ld	hl, #(_MenuDataPLN1 + 0x0007)
      00018E 36 05                  196 	ld	(hl), #0x05
      000190 21r50r00               197 	ld	hl, #(_MenuDataPLN1 + 0x0008)
      000193 36 05                  198 	ld	(hl), #0x05
      000195 21r51r00               199 	ld	hl, #(_MenuDataPLN1 + 0x0009)
      000198 36 05                  200 	ld	(hl), #0x05
      00019A 21r52r00               201 	ld	hl, #(_MenuDataPLN1 + 0x000a)
      00019D 36 05                  202 	ld	(hl), #0x05
      00019F 21r53r00               203 	ld	hl, #(_MenuDataPLN1 + 0x000b)
      0001A2 36 05                  204 	ld	(hl), #0x05
      0001A4 21r54r00               205 	ld	hl, #(_MenuDataPLN1 + 0x000c)
      0001A7 36 05                  206 	ld	(hl), #0x05
      0001A9 21r55r00               207 	ld	hl, #(_MenuDataPLN1 + 0x000d)
      0001AC 36 05                  208 	ld	(hl), #0x05
      0001AE 21r56r00               209 	ld	hl, #(_MenuDataPLN1 + 0x000e)
      0001B1 36 05                  210 	ld	(hl), #0x05
      0001B3 21r57r00               211 	ld	hl, #(_MenuDataPLN1 + 0x000f)
      0001B6 36 05                  212 	ld	(hl), #0x05
      0001B8 21r58r00               213 	ld	hl, #(_MenuDataPLN1 + 0x0010)
      0001BB 36 05                  214 	ld	(hl), #0x05
      0001BD 21r59r00               215 	ld	hl, #(_MenuDataPLN1 + 0x0011)
      0001C0 36 05                  216 	ld	(hl), #0x05
      0001C2 21r5Ar00               217 	ld	hl, #(_MenuDataPLN1 + 0x0012)
      0001C5 36 05                  218 	ld	(hl), #0x05
      0001C7 21r5Br00               219 	ld	hl, #(_MenuDataPLN1 + 0x0013)
      0001CA 36 05                  220 	ld	(hl), #0x05
      0001CC 21r5Cr00               221 	ld	hl, #(_MenuDataPLN1 + 0x0014)
      0001CF 36 05                  222 	ld	(hl), #0x05
      0001D1 21r5Dr00               223 	ld	hl, #(_MenuDataPLN1 + 0x0015)
      0001D4 36 05                  224 	ld	(hl), #0x05
      0001D6 21r5Er00               225 	ld	hl, #(_MenuDataPLN1 + 0x0016)
      0001D9 36 05                  226 	ld	(hl), #0x05
      0001DB 21r5Fr00               227 	ld	hl, #(_MenuDataPLN1 + 0x0017)
      0001DE 36 05                  228 	ld	(hl), #0x05
      0001E0 21r60r00               229 	ld	hl, #(_MenuDataPLN1 + 0x0018)
      0001E3 36 05                  230 	ld	(hl), #0x05
      0001E5 21r61r00               231 	ld	hl, #(_MenuDataPLN1 + 0x0019)
      0001E8 36 05                  232 	ld	(hl), #0x05
      0001EA 21r62r00               233 	ld	hl, #(_MenuDataPLN1 + 0x001a)
      0001ED 36 05                  234 	ld	(hl), #0x05
      0001EF 21r63r00               235 	ld	hl, #(_MenuDataPLN1 + 0x001b)
      0001F2 36 05                  236 	ld	(hl), #0x05
      0001F4 21r64r00               237 	ld	hl, #(_MenuDataPLN1 + 0x001c)
      0001F7 36 05                  238 	ld	(hl), #0x05
      0001F9 21r65r00               239 	ld	hl, #(_MenuDataPLN1 + 0x001d)
      0001FC 36 05                  240 	ld	(hl), #0x05
      0001FE 21r66r00               241 	ld	hl, #(_MenuDataPLN1 + 0x001e)
      000201 36 05                  242 	ld	(hl), #0x05
      000203 21r67r00               243 	ld	hl, #(_MenuDataPLN1 + 0x001f)
      000206 36 05                  244 	ld	(hl), #0x05
      000208 21r68r00               245 	ld	hl, #(_MenuDataPLN1 + 0x0020)
      00020B 36 05                  246 	ld	(hl), #0x05
      00020D 21r69r00               247 	ld	hl, #(_MenuDataPLN1 + 0x0021)
      000210 36 05                  248 	ld	(hl), #0x05
      000212 21r6Ar00               249 	ld	hl, #(_MenuDataPLN1 + 0x0022)
      000215 36 05                  250 	ld	(hl), #0x05
      000217 21r6Br00               251 	ld	hl, #(_MenuDataPLN1 + 0x0023)
      00021A 36 05                  252 	ld	(hl), #0x05
      00021C 21r6Cr00               253 	ld	hl, #(_MenuDataPLN1 + 0x0024)
      00021F 36 05                  254 	ld	(hl), #0x05
      000221 21r6Dr00               255 	ld	hl, #(_MenuDataPLN1 + 0x0025)
      000224 36 05                  256 	ld	(hl), #0x05
      000226 21r6Er00               257 	ld	hl, #(_MenuDataPLN1 + 0x0026)
      000229 36 05                  258 	ld	(hl), #0x05
      00022B 21r6Fr00               259 	ld	hl, #(_MenuDataPLN1 + 0x0027)
      00022E 36 05                  260 	ld	(hl), #0x05
      000230 21r70r00               261 	ld	hl, #(_MenuDataPLN1 + 0x0028)
      000233 36 05                  262 	ld	(hl), #0x05
      000235 21r71r00               263 	ld	hl, #(_MenuDataPLN1 + 0x0029)
      000238 36 05                  264 	ld	(hl), #0x05
      00023A 21r72r00               265 	ld	hl, #(_MenuDataPLN1 + 0x002a)
      00023D 36 05                  266 	ld	(hl), #0x05
      00023F 21r73r00               267 	ld	hl, #(_MenuDataPLN1 + 0x002b)
      000242 36 05                  268 	ld	(hl), #0x05
      000244 21r74r00               269 	ld	hl, #(_MenuDataPLN1 + 0x002c)
      000247 36 05                  270 	ld	(hl), #0x05
      000249 21r75r00               271 	ld	hl, #(_MenuDataPLN1 + 0x002d)
      00024C 36 05                  272 	ld	(hl), #0x05
      00024E 21r76r00               273 	ld	hl, #(_MenuDataPLN1 + 0x002e)
      000251 36 05                  274 	ld	(hl), #0x05
      000253 21r77r00               275 	ld	hl, #(_MenuDataPLN1 + 0x002f)
      000256 36 05                  276 	ld	(hl), #0x05
      000258 21r78r00               277 	ld	hl, #(_MenuDataPLN1 + 0x0030)
      00025B 36 05                  278 	ld	(hl), #0x05
      00025D 21r79r00               279 	ld	hl, #(_MenuDataPLN1 + 0x0031)
      000260 36 05                  280 	ld	(hl), #0x05
      000262 21r7Ar00               281 	ld	hl, #(_MenuDataPLN1 + 0x0032)
      000265 36 05                  282 	ld	(hl), #0x05
      000267 21r7Br00               283 	ld	hl, #(_MenuDataPLN1 + 0x0033)
      00026A 36 05                  284 	ld	(hl), #0x05
      00026C 21r7Cr00               285 	ld	hl, #(_MenuDataPLN1 + 0x0034)
      00026F 36 05                  286 	ld	(hl), #0x05
      000271 21r7Dr00               287 	ld	hl, #(_MenuDataPLN1 + 0x0035)
      000274 36 05                  288 	ld	(hl), #0x05
      000276 21r7Er00               289 	ld	hl, #(_MenuDataPLN1 + 0x0036)
      000279 36 05                  290 	ld	(hl), #0x05
      00027B 21r7Fr00               291 	ld	hl, #(_MenuDataPLN1 + 0x0037)
      00027E 36 05                  292 	ld	(hl), #0x05
      000280 21r80r00               293 	ld	hl, #(_MenuDataPLN1 + 0x0038)
      000283 36 05                  294 	ld	(hl), #0x05
      000285 21r81r00               295 	ld	hl, #(_MenuDataPLN1 + 0x0039)
      000288 36 05                  296 	ld	(hl), #0x05
      00028A 21r82r00               297 	ld	hl, #(_MenuDataPLN1 + 0x003a)
      00028D 36 05                  298 	ld	(hl), #0x05
      00028F 21r83r00               299 	ld	hl, #(_MenuDataPLN1 + 0x003b)
      000292 36 05                  300 	ld	(hl), #0x05
      000294 21r84r00               301 	ld	hl, #(_MenuDataPLN1 + 0x003c)
      000297 36 05                  302 	ld	(hl), #0x05
      000299 21r85r00               303 	ld	hl, #(_MenuDataPLN1 + 0x003d)
      00029C 36 05                  304 	ld	(hl), #0x05
      00029E 21r86r00               305 	ld	hl, #(_MenuDataPLN1 + 0x003e)
      0002A1 36 05                  306 	ld	(hl), #0x05
      0002A3 21r87r00               307 	ld	hl, #(_MenuDataPLN1 + 0x003f)
      0002A6 36 05                  308 	ld	(hl), #0x05
      0002A8 21r88r00               309 	ld	hl, #(_MenuDataPLN1 + 0x0040)
      0002AB 36 05                  310 	ld	(hl), #0x05
      0002AD 21r89r00               311 	ld	hl, #(_MenuDataPLN1 + 0x0041)
      0002B0 36 05                  312 	ld	(hl), #0x05
      0002B2 21r8Ar00               313 	ld	hl, #(_MenuDataPLN1 + 0x0042)
      0002B5 36 05                  314 	ld	(hl), #0x05
      0002B7 21r8Br00               315 	ld	hl, #(_MenuDataPLN1 + 0x0043)
      0002BA 36 05                  316 	ld	(hl), #0x05
      0002BC 21r8Cr00               317 	ld	hl, #(_MenuDataPLN1 + 0x0044)
      0002BF 36 05                  318 	ld	(hl), #0x05
      0002C1 21r8Dr00               319 	ld	hl, #(_MenuDataPLN1 + 0x0045)
      0002C4 36 05                  320 	ld	(hl), #0x05
      0002C6 21r8Er00               321 	ld	hl, #(_MenuDataPLN1 + 0x0046)
      0002C9 36 05                  322 	ld	(hl), #0x05
      0002CB 21r8Fr00               323 	ld	hl, #(_MenuDataPLN1 + 0x0047)
      0002CE 36 05                  324 	ld	(hl), #0x05
                                    325 ;--------------------------------------------------------
                                    326 ; Home
                                    327 ;--------------------------------------------------------
                                    328 	.area _HOME
                                    329 	.area _HOME
                                    330 ;--------------------------------------------------------
                                    331 ; code
                                    332 ;--------------------------------------------------------
                                    333 	.area _CODE
                                    334 	.area _CODE
                                    335 	.area _CABS (ABS)
